// Vitest Snapshot v1, https://vitest.dev/guide/snapshot.html

exports[`legacy hour model > key figures stay unchanged 1`] = `
[
  {
    "amortization": 9.5059,
    "batteryAmortization": 0,
    "consumptionYear": 5001.6086,
    "costSavings": 1051.9827,
    "costSavingsBattery": 0,
    "fedInPower": 6538.7174,
    "generationYear": 8205.3406,
    "gridUsedEnergy": 3471.4428,
    "selfSufficiencyRate": 30.5935,
    "selfUseRate": 18.6484,
    "selfUsedEnergy": 1530.1658,
    "size": 1,
  },
  {
    "amortization": 8.2751,
    "batteryAmortization": 3.6061,
    "consumptionYear": 5001.6086,
    "costSavings": 1329.2907,
    "costSavingsBattery": 277.3079,
    "fedInPower": 5320.4883,
    "generationYear": 8205.3406,
    "gridUsedEnergy": 2277.4564,
    "selfSufficiencyRate": 54.4655,
    "selfUseRate": 33.1997,
    "selfUsedEnergy": 2724.1522,
    "size": 2000,
  },
  {
    "amortization": 8.281,
    "batteryAmortization": 5.793,
    "consumptionYear": 5001.6086,
    "costSavings": 1569.8501,
    "costSavingsBattery": 517.8673,
    "fedInPower": 4263.6974,
    "generationYear": 8205.3406,
    "gridUsedEnergy": 1241.6957,
    "selfSufficiencyRate": 75.1741,
    "selfUseRate": 45.8228,
    "selfUsedEnergy": 3759.9128,
    "size": 6000,
  },
  {
    "amortization": 9.4237,
    "batteryAmortization": 9.2899,
    "consumptionYear": 5001.6086,
    "costSavings": 1697.8479,
    "costSavingsBattery": 645.8651,
    "fedInPower": 3699.3952,
    "generationYear": 8205.3406,
    "gridUsedEnergy": 690.0464,
    "selfSufficiencyRate": 86.2035,
    "selfUseRate": 52.5458,
    "selfUsedEnergy": 4311.5622,
    "size": 12000,
  },
]
`;

exports[`simulateBatterySizes > key figures stay unchanged 1`] = `
[
  {
    "amortization": 8.5337,
    "batteryAmortization": 0,
    "consumptionYear": 5001.6086,
    "costSavings": 1171.8313,
    "costSavingsBattery": 0,
    "fedInPower": 5969.9051,
    "generationYear": 8205.3406,
    "gridUsedEnergy": 2944.0478,
    "selfSufficiencyRate": 41.138,
    "selfUseRate": 25.0759,
    "selfUsedEnergy": 2057.5607,
    "size": 1,
  },
  {
    "amortization": 8.2305,
    "batteryAmortization": 6.0733,
    "consumptionYear": 5001.6086,
    "costSavings": 1336.4866,
    "costSavingsBattery": 164.6553,
    "fedInPower": 5246.5653,
    "generationYear": 8205.3406,
    "gridUsedEnergy": 2235.1025,
    "selfSufficiencyRate": 55.3123,
    "selfUseRate": 33.7159,
    "selfUsedEnergy": 2766.506,
    "size": 2000,
  },
  {
    "amortization": 8.2532,
    "batteryAmortization": 7.4383,
    "consumptionYear": 5001.6086,
    "costSavings": 1575.151,
    "costSavingsBattery": 403.3197,
    "fedInPower": 4198.0993,
    "generationYear": 8205.3406,
    "gridUsedEnergy": 1207.501,
    "selfSufficiencyRate": 75.8577,
    "selfUseRate": 46.2395,
    "selfUsedEnergy": 3794.1075,
    "size": 6000,
  },
  {
    "amortization": 9.4129,
    "batteryAmortization": 11.3643,
    "consumptionYear": 5001.6086,
    "costSavings": 1699.7985,
    "costSavingsBattery": 527.9672,
    "fedInPower": 3648.8875,
    "generationYear": 8205.3406,
    "gridUsedEnergy": 670.3767,
    "selfSufficiencyRate": 86.5968,
    "selfUseRate": 52.7855,
    "selfUsedEnergy": 4331.2318,
    "size": 12000,
  },
]
`;
