// Vitest Snapshot v1, https://vitest.dev/guide/snapshot.html

exports[`simulateBatterySizes > key figures stay unchanged 1`] = `
[
  {
    "amortization": 9.5458,
    "batteryAmortization": 0,
    "consumptionYear": 5001.6086,
    "costSavings": 1047.6338,
    "costSavingsBattery": 0,
    "fedInPower": 6473.3302,
    "generationYear": 8205.3406,
    "gridUsedEnergy": 3467.4603,
    "selfSufficiencyRate": 30.6731,
    "selfUseRate": 18.6969,
    "selfUsedEnergy": 1534.1483,
    "size": 1,
  },
  {
    "amortization": 8.2957,
    "batteryAmortization": 3.5925,
    "consumptionYear": 5001.6086,
    "costSavings": 1325.9893,
    "costSavingsBattery": 278.3554,
    "fedInPower": 5267.2843,
    "generationYear": 8205.3406,
    "gridUsedEnergy": 2273.4748,
    "selfSufficiencyRate": 54.5451,
    "selfUseRate": 33.2483,
    "selfUsedEnergy": 2728.1338,
    "size": 2000,
  },
  {
    "amortization": 8.2946,
    "batteryAmortization": 5.7732,
    "consumptionYear": 5001.6086,
    "costSavings": 1567.2764,
    "costSavingsBattery": 519.6425,
    "fedInPower": 4221.8461,
    "generationYear": 8205.3406,
    "gridUsedEnergy": 1238.491,
    "selfSufficiencyRate": 75.2381,
    "selfUseRate": 45.8618,
    "selfUsedEnergy": 3763.1176,
    "size": 6000,
  },
  {
    "amortization": 9.4375,
    "batteryAmortization": 9.2631,
    "consumptionYear": 5001.6086,
    "costSavings": 1695.3631,
    "costSavingsBattery": 647.7293,
    "fedInPower": 3664.8947,
    "generationYear": 8205.3406,
    "gridUsedEnergy": 688.5393,
    "selfSufficiencyRate": 86.2336,
    "selfUseRate": 52.5642,
    "selfUsedEnergy": 4313.0693,
    "size": 12000,
  },
]
`;
